make  install-am
make[1]: Entering directory '/gpfs/mnt/gpfs02/sphenix/user/samfred/projects/gammajet/timingana/build'
/bin/sh ./libtool  --tag=CXX   --mode=compile /cvmfs/sphenix.sdcc.bnl.gov/alma9.2-gcc-14.2.0/opt/sphenix/core/gcc/14.2.0-2f0a0/x86_64-el9/bin/g++ -DPACKAGE_NAME=\"timingana\" -DPACKAGE_TARNAME=\"timingana\" -DPACKAGE_VERSION=\"1.00\" -DPACKAGE_STRING=\"timingana\ 1.00\" -DPACKAGE_BUGREPORT=\"\" -DPACKAGE_URL=\"\" -DPACKAGE=\"timingana\" -DVERSION=\"1.00\" -DSTDC_HEADERS=1 -DHAVE_SYS_TYPES_H=1 -DHAVE_SYS_STAT_H=1 -DHAVE_STDLIB_H=1 -DHAVE_STRING_H=1 -DHAVE_MEMORY_H=1 -DHAVE_STRINGS_H=1 -DHAVE_INTTYPES_H=1 -DHAVE_STDINT_H=1 -DHAVE_UNISTD_H=1 -DHAVE_DLFCN_H=1 -DLT_OBJDIR=\".libs/\" -I. -I../src  -I/sphenix/user/samfred/projects/gammajet/install/include -I/cvmfs/sphenix.sdcc.bnl.gov/alma9.2-gcc-14.2.0/release/release_new/new.5/include -I/cvmfs/sphenix.sdcc.bnl.gov/alma9.2-gcc-14.2.0/opt/sphenix/core/root-6.32.06/include   -g -O2 -std=c++20 -Wall -Wno-deprecated-declarations -Wextra -MT TimingAna.lo -MD -MP -MF .deps/TimingAna.Tpo -c -o TimingAna.lo ../src/TimingAna.cc
libtool: compile:  /cvmfs/sphenix.sdcc.bnl.gov/alma9.2-gcc-14.2.0/opt/sphenix/core/gcc/14.2.0-2f0a0/x86_64-el9/bin/g++ -DPACKAGE_NAME=\"timingana\" -DPACKAGE_TARNAME=\"timingana\" -DPACKAGE_VERSION=\"1.00\" "-DPACKAGE_STRING=\"timingana 1.00\"" -DPACKAGE_BUGREPORT=\"\" -DPACKAGE_URL=\"\" -DPACKAGE=\"timingana\" -DVERSION=\"1.00\" -DSTDC_HEADERS=1 -DHAVE_SYS_TYPES_H=1 -DHAVE_SYS_STAT_H=1 -DHAVE_STDLIB_H=1 -DHAVE_STRING_H=1 -DHAVE_MEMORY_H=1 -DHAVE_STRINGS_H=1 -DHAVE_INTTYPES_H=1 -DHAVE_STDINT_H=1 -DHAVE_UNISTD_H=1 -DHAVE_DLFCN_H=1 -DLT_OBJDIR=\".libs/\" -I. -I../src -I/sphenix/user/samfred/projects/gammajet/install/include -I/cvmfs/sphenix.sdcc.bnl.gov/alma9.2-gcc-14.2.0/release/release_new/new.5/include -I/cvmfs/sphenix.sdcc.bnl.gov/alma9.2-gcc-14.2.0/opt/sphenix/core/root-6.32.06/include -g -O2 -std=c++20 -Wall -Wno-deprecated-declarations -Wextra -MT TimingAna.lo -MD -MP -MF .deps/TimingAna.Tpo -c ../src/TimingAna.cc  -fPIC -DPIC -o .libs/TimingAna.o
mv -f .deps/TimingAna.Tpo .deps/TimingAna.Plo
/bin/sh ./libtool  --tag=CXX   --mode=link /cvmfs/sphenix.sdcc.bnl.gov/alma9.2-gcc-14.2.0/opt/sphenix/core/gcc/14.2.0-2f0a0/x86_64-el9/bin/g++  -g -O2 -std=c++20 -Wall -Wno-deprecated-declarations -Wextra -L/sphenix/user/samfred/projects/gammajet/install/lib -L/cvmfs/sphenix.sdcc.bnl.gov/alma9.2-gcc-14.2.0/release/release_new/new.5/lib -L/cvmfs/sphenix.sdcc.bnl.gov/alma9.2-gcc-14.2.0/release/release_new/new.5/lib64 -L/cvmfs/sphenix.sdcc.bnl.gov/alma9.2-gcc-14.2.0/opt/sphenix/core/root-6.32.06/lib -Wl,--enable-new-dtags -o libtimingana.la -rpath /sphenix/user/samfred/projects/gammajet/install/lib TimingAna.lo -lcalo_io -lffarawobjects -lfun4all -lglobalvertex_io -ljetbase_io -lmbd_io -lphool -lSubsysReco 
libtool: link: rm -fr  .libs/libtimingana.la .libs/libtimingana.lai .libs/libtimingana.so .libs/libtimingana.so.0 .libs/libtimingana.so.0.0.0
libtool: link: /cvmfs/sphenix.sdcc.bnl.gov/alma9.2-gcc-14.2.0/opt/sphenix/core/gcc/14.2.0-2f0a0/x86_64-el9/bin/g++  -fPIC -DPIC -shared -nostdlib /lib/../lib64/crti.o /cvmfs/sphenix.sdcc.bnl.gov/alma9.2-gcc-14.2.0/opt/sphenix/core/gcc/14.2.0-2f0a0/x86_64-el9/bin/../lib/gcc/x86_64-pc-linux-gnu/14.2.0/crtbeginS.o  .libs/TimingAna.o   -Wl,-rpath -Wl,/cvmfs/sphenix.sdcc.bnl.gov/alma9.2-gcc-14.2.0/opt/sphenix/core/gcc/14.2.0-2f0a0/x86_64-el9/bin/../lib/gcc/x86_64-pc-linux-gnu/14.2.0/../../../../lib64 -Wl,-rpath -Wl,/cvmfs/sphenix.sdcc.bnl.gov/alma9.2-gcc-14.2.0/opt/sphenix/core/gcc/14.2.0-2f0a0/x86_64-el9/bin/../lib/gcc/x86_64-pc-linux-gnu/14.2.0/../../../../lib64 -L/sphenix/user/samfred/projects/gammajet/install/lib -L/cvmfs/sphenix.sdcc.bnl.gov/alma9.2-gcc-14.2.0/release/release_new/new.5/lib -L/cvmfs/sphenix.sdcc.bnl.gov/alma9.2-gcc-14.2.0/release/release_new/new.5/lib64 -L/cvmfs/sphenix.sdcc.bnl.gov/alma9.2-gcc-14.2.0/opt/sphenix/core/root-6.32.06/lib -lcalo_io -lffarawobjects -lfun4all -lglobalvertex_io -ljetbase_io -lmbd_io -lphool -lSubsysReco -L/cvmfs/sphenix.sdcc.bnl.gov/alma9.2-gcc-14.2.0/opt/sphenix/core/gcc/14.2.0-2f0a0/x86_64-el9/bin/../lib/gcc/x86_64-pc-linux-gnu/14.2.0 -L/cvmfs/sphenix.sdcc.bnl.gov/alma9.2-gcc-14.2.0/opt/sphenix/core/gcc/14.2.0-2f0a0/x86_64-el9/bin/../lib/gcc -L/cvmfs/sphenix.sdcc.bnl.gov/alma9.2-gcc-14.2.0/opt/sphenix/core/gcc/14.2.0-2f0a0/x86_64-el9/bin/../lib/gcc/x86_64-pc-linux-gnu/14.2.0/../../../../lib64 -L/lib/../lib64 -L/usr/lib/../lib64 -L/cvmfs/sphenix.sdcc.bnl.gov/alma9.2-gcc-14.2.0/opt/sphenix/core/gcc/14.2.0-2f0a0/x86_64-el9/bin/../lib/gcc/x86_64-pc-linux-gnu/14.2.0/../../.. /cvmfs/sphenix.sdcc.bnl.gov/alma9.2-gcc-14.2.0/opt/sphenix/core/gcc/14.2.0-2f0a0/x86_64-el9/bin/../lib/gcc/x86_64-pc-linux-gnu/14.2.0/../../../../lib64/libstdc++.so -lm -lc -lgcc_s /cvmfs/sphenix.sdcc.bnl.gov/alma9.2-gcc-14.2.0/opt/sphenix/core/gcc/14.2.0-2f0a0/x86_64-el9/bin/../lib/gcc/x86_64-pc-linux-gnu/14.2.0/crtendS.o /lib/../lib64/crtn.o  -g -O2 -Wl,--enable-new-dtags   -Wl,-soname -Wl,libtimingana.so.0 -o .libs/libtimingana.so.0.0.0
libtool: link: (cd ".libs" && rm -f "libtimingana.so.0" && ln -s "libtimingana.so.0.0.0" "libtimingana.so.0")
libtool: link: (cd ".libs" && rm -f "libtimingana.so" && ln -s "libtimingana.so.0.0.0" "libtimingana.so")
libtool: link: ( cd ".libs" && rm -f "libtimingana.la" && ln -s "../libtimingana.la" "libtimingana.la" )
/bin/sh ./libtool  --tag=CXX   --mode=link /cvmfs/sphenix.sdcc.bnl.gov/alma9.2-gcc-14.2.0/opt/sphenix/core/gcc/14.2.0-2f0a0/x86_64-el9/bin/g++  -g -O2 -std=c++20 -Wall -Wno-deprecated-declarations -Wextra -L/sphenix/user/samfred/projects/gammajet/install/lib -L/cvmfs/sphenix.sdcc.bnl.gov/alma9.2-gcc-14.2.0/release/release_new/new.5/lib -L/cvmfs/sphenix.sdcc.bnl.gov/alma9.2-gcc-14.2.0/release/release_new/new.5/lib64 -L/cvmfs/sphenix.sdcc.bnl.gov/alma9.2-gcc-14.2.0/opt/sphenix/core/root-6.32.06/lib -Wl,--enable-new-dtags -o testexternals testexternals.o libtimingana.la 
libtool: link: /cvmfs/sphenix.sdcc.bnl.gov/alma9.2-gcc-14.2.0/opt/sphenix/core/gcc/14.2.0-2f0a0/x86_64-el9/bin/g++ -g -O2 -std=c++20 -Wall -Wno-deprecated-declarations -Wextra -Wl,--enable-new-dtags -o .libs/testexternals testexternals.o  -L/sphenix/user/samfred/projects/gammajet/install/lib -L/cvmfs/sphenix.sdcc.bnl.gov/alma9.2-gcc-14.2.0/release/release_new/new.5/lib -L/cvmfs/sphenix.sdcc.bnl.gov/alma9.2-gcc-14.2.0/release/release_new/new.5/lib64 -L/cvmfs/sphenix.sdcc.bnl.gov/alma9.2-gcc-14.2.0/opt/sphenix/core/root-6.32.06/lib ./.libs/libtimingana.so -lcalo_io -lffarawobjects -lfun4all -lglobalvertex_io -ljetbase_io -lmbd_io -lphool -lSubsysReco /cvmfs/sphenix.sdcc.bnl.gov/alma9.2-gcc-14.2.0/opt/sphenix/core/gcc/14.2.0-2f0a0/x86_64-el9/bin/../lib/gcc/x86_64-pc-linux-gnu/14.2.0/../../../../lib64/libstdc++.so -lm -Wl,-rpath -Wl,/sphenix/user/samfred/projects/gammajet/install/lib -Wl,-rpath -Wl,/cvmfs/sphenix.sdcc.bnl.gov/alma9.2-gcc-14.2.0/opt/sphenix/core/gcc/14.2.0-2f0a0/x86_64-el9/bin/../lib/gcc/x86_64-pc-linux-gnu/14.2.0/../../../../lib64
make[2]: Entering directory '/gpfs/mnt/gpfs02/sphenix/user/samfred/projects/gammajet/timingana/build'
 /usr/bin/mkdir -p '/sphenix/user/samfred/projects/gammajet/install/lib'
 /bin/sh ./libtool   --mode=install /usr/bin/install -c   libtimingana.la '/sphenix/user/samfred/projects/gammajet/install/lib'
libtool: install: /usr/bin/install -c .libs/libtimingana.so.0.0.0 /sphenix/user/samfred/projects/gammajet/install/lib/libtimingana.so.0.0.0
libtool: install: (cd /sphenix/user/samfred/projects/gammajet/install/lib && { ln -s -f libtimingana.so.0.0.0 libtimingana.so.0 || { rm -f libtimingana.so.0 && ln -s libtimingana.so.0.0.0 libtimingana.so.0; }; })
libtool: install: (cd /sphenix/user/samfred/projects/gammajet/install/lib && { ln -s -f libtimingana.so.0.0.0 libtimingana.so || { rm -f libtimingana.so && ln -s libtimingana.so.0.0.0 libtimingana.so; }; })
libtool: install: /usr/bin/install -c .libs/libtimingana.lai /sphenix/user/samfred/projects/gammajet/install/lib/libtimingana.la
libtool: finish: PATH="/cvmfs/sphenix.sdcc.bnl.gov/alma9.2-gcc-14.2.0/opt/sphenix/core/gcc/14.2.0-2f0a0/x86_64-el9/bin:/cvmfs/sphenix.sdcc.bnl.gov/alma9.2-gcc-14.2.0/opt/sphenix/core/binutils/2.40-acaab/x86_64-el9/bin:/cvmfs/sphenix.sdcc.bnl.gov/alma9.2-gcc-14.2.0/release/release_new/new.5/bin:/cvmfs/sphenix.sdcc.bnl.gov/alma9.2-gcc-14.2.0/opt/sphenix/utils/bin:/cvmfs/sphenix.sdcc.bnl.gov/alma9.2-gcc-14.2.0/opt/sphenix/core/bin:/cvmfs/sphenix.sdcc.bnl.gov/alma9.2-gcc-14.2.0/opt/sphenix/core/root-6.32.06/bin:/cvmfs/sphenix.sdcc.bnl.gov/alma9.2-gcc-14.2.0/opt/sphenix/core/geant4.10.07.p04/bin:/usr/local/bin:/usr/bin:/usr/local/sbin:/usr/sbin:/sbin" ldconfig -n /sphenix/user/samfred/projects/gammajet/install/lib
----------------------------------------------------------------------
Libraries have been installed in:
   /sphenix/user/samfred/projects/gammajet/install/lib

If you ever happen to want to link against installed libraries
in a given directory, LIBDIR, you must either use libtool, and
specify the full pathname of the library, or use the '-LLIBDIR'
flag during linking and do at least one of the following:
   - add LIBDIR to the 'LD_LIBRARY_PATH' environment variable
     during execution
   - add LIBDIR to the 'LD_RUN_PATH' environment variable
     during linking
   - use the '-Wl,-rpath -Wl,LIBDIR' linker flag
   - have your system administrator add LIBDIR to '/etc/ld.so.conf'

See any operating system documentation about shared libraries for
more information, such as the ld(1) and ld.so(8) manual pages.
----------------------------------------------------------------------
 /usr/bin/mkdir -p '/sphenix/user/samfred/projects/gammajet/install/include/timingana'
 /usr/bin/install -c -m 644 ../src/TimingAna.h '/sphenix/user/samfred/projects/gammajet/install/include/timingana'
make[2]: Leaving directory '/gpfs/mnt/gpfs02/sphenix/user/samfred/projects/gammajet/timingana/build'
make[1]: Leaving directory '/gpfs/mnt/gpfs02/sphenix/user/samfred/projects/gammajet/timingana/build'
